(id 1)
  (path (1))
(id 2)
  (path (2 1))
  (path (2 7 6 4 3 2 1))
  (path (2 7 6 5 3 2 1))
(id 3)
  (path (3 2 1))
  (path (3 2 7 6 4 3 2 1))
  (path (3 2 7 6 5 3 2 1))
(id 4)
  (path (4 3 2 1))
  (path (4 3 2 7 6 4 3 2 1))
  (path (4 3 2 7 6 5 3 2 1))
(id 5)
  (path (5 3 2 1))
  (path (5 3 2 7 6 4 3 2 1))
  (path (5 3 2 7 6 5 3 2 1))
(id 6)
  (path (6 4 3 2 1))
  (path (6 4 3 2 7 6 4 3 2 1))
  (path (6 4 3 2 7 6 5 3 2 1))
  (path (6 5 3 2 1))
  (path (6 5 3 2 7 6 4 3 2 1))
  (path (6 5 3 2 7 6 5 3 2 1))
(id 7)
  (path (7 6 4 3 2 1))
  (path (7 6 4 3 2 7 6 4 3 2 1))
  (path (7 6 4 3 2 7 6 5 3 2 1))
  (path (7 6 5 3 2 1))
  (path (7 6 5 3 2 7 6 4 3 2 1))
  (path (7 6 5 3 2 7 6 5 3 2 1))
(id 8)
  (path (8 7 6 4 3 2 1))
  (path (8 7 6 4 3 2 7 6 4 3 2 1))
  (path (8 7 6 4 3 2 7 6 5 3 2 1))
  (path (8 7 6 5 3 2 1))
  (path (8 7 6 5 3 2 7 6 4 3 2 1))
  (path (8 7 6 5 3 2 7 6 5 3 2 1))
(id 1)
  (path (1 2 3 4 6 7 2 3 4 6 7 8))
  (path (1 2 3 4 6 7 2 3 5 6 7 8))
  (path (1 2 3 4 6 7 8))
  (path (1 2 3 5 6 7 2 3 4 6 7 8))
  (path (1 2 3 5 6 7 2 3 5 6 7 8))
  (path (1 2 3 5 6 7 8))
(id 2)
  (path (2 3 4 6 7 2 3 4 6 7 8))
  (path (2 3 4 6 7 2 3 5 6 7 8))
  (path (2 3 4 6 7 8))
  (path (2 3 5 6 7 2 3 4 6 7 8))
  (path (2 3 5 6 7 2 3 5 6 7 8))
  (path (2 3 5 6 7 8))
(id 3)
  (path (3 4 6 7 2 3 4 6 7 8))
  (path (3 4 6 7 2 3 5 6 7 8))
  (path (3 4 6 7 8))
  (path (3 5 6 7 2 3 4 6 7 8))
  (path (3 5 6 7 2 3 5 6 7 8))
  (path (3 5 6 7 8))
(id 4)
  (path (4 6 7 2 3 4 6 7 8))
  (path (4 6 7 2 3 5 6 7 8))
  (path (4 6 7 8))
(id 5)
  (path (5 6 7 2 3 4 6 7 8))
  (path (5 6 7 2 3 5 6 7 8))
  (path (5 6 7 8))
(id 6)
  (path (6 7 2 3 4 6 7 8))
  (path (6 7 2 3 5 6 7 8))
  (path (6 7 8))
(id 7)
  (path (7 2 3 4 6 7 8))
  (path (7 2 3 5 6 7 8))
  (path (7 8))
(id 8)
  (path (8))
